// Jest Snapshot v1, https://goo.gl/fbAQLP

exports[`[PRODUCT PREVIEW] Should render component 1`] = `
Object {
  "asFragment": [Function],
  "baseElement": <body>
    <div>
      <div
        class="sc-AxiKw fExOlD"
        width="md"
      >
        <div
          class="sc-AxgMl fQBKcB"
        >
          <a
            href="/product/undefined"
          >
            <img
              class="sc-AxhUy jGTwbv"
            />
          </a>
          <div
            class="sc-AxirZ kSZTkj"
          >
            <a
              href="/product/undefined"
            >
              <p
                class="sc-AxjAm lkoRYA"
              />
            </a>
            <p
              class="sc-AxjAm eLQBs"
              color="gray"
            >
              $
            </p>
            <button
              class="sc-AxhCb ijslLw"
              style="bottom: 0px;"
            >
              Add to cart
            </button>
          </div>
        </div>
      </div>
    </div>
  </body>,
  "container": <div>
    <div
      class="sc-AxiKw fExOlD"
      width="md"
    >
      <div
        class="sc-AxgMl fQBKcB"
      >
        <a
          href="/product/undefined"
        >
          <img
            class="sc-AxhUy jGTwbv"
          />
        </a>
        <div
          class="sc-AxirZ kSZTkj"
        >
          <a
            href="/product/undefined"
          >
            <p
              class="sc-AxjAm lkoRYA"
            />
          </a>
          <p
            class="sc-AxjAm eLQBs"
            color="gray"
          >
            $
          </p>
          <button
            class="sc-AxhCb ijslLw"
            style="bottom: 0px;"
          >
            Add to cart
          </button>
        </div>
      </div>
    </div>
  </div>,
  "debug": [Function],
  "findAllByAltText": [Function],
  "findAllByDisplayValue": [Function],
  "findAllByLabelText": [Function],
  "findAllByPlaceholderText": [Function],
  "findAllByRole": [Function],
  "findAllByTestId": [Function],
  "findAllByText": [Function],
  "findAllByTitle": [Function],
  "findByAltText": [Function],
  "findByDisplayValue": [Function],
  "findByLabelText": [Function],
  "findByPlaceholderText": [Function],
  "findByRole": [Function],
  "findByTestId": [Function],
  "findByText": [Function],
  "findByTitle": [Function],
  "getAllByAltText": [Function],
  "getAllByDisplayValue": [Function],
  "getAllByLabelText": [Function],
  "getAllByPlaceholderText": [Function],
  "getAllByRole": [Function],
  "getAllByTestId": [Function],
  "getAllByText": [Function],
  "getAllByTitle": [Function],
  "getByAltText": [Function],
  "getByDisplayValue": [Function],
  "getByLabelText": [Function],
  "getByPlaceholderText": [Function],
  "getByRole": [Function],
  "getByTestId": [Function],
  "getByText": [Function],
  "getByTitle": [Function],
  "queryAllByAltText": [Function],
  "queryAllByDisplayValue": [Function],
  "queryAllByLabelText": [Function],
  "queryAllByPlaceholderText": [Function],
  "queryAllByRole": [Function],
  "queryAllByTestId": [Function],
  "queryAllByText": [Function],
  "queryAllByTitle": [Function],
  "queryByAltText": [Function],
  "queryByDisplayValue": [Function],
  "queryByLabelText": [Function],
  "queryByPlaceholderText": [Function],
  "queryByRole": [Function],
  "queryByTestId": [Function],
  "queryByText": [Function],
  "queryByTitle": [Function],
  "rerender": [Function],
  "unmount": [Function],
}
`;
